Archive member included to satisfy reference by file (symbol)

c:/st/stm32cubeide_1.12.0/stm32cubeide/plugins/com.st.stm32cube.ide.mcu.externaltools.gnu-tools-for-stm32.10.3-2021.10.win32_1.0.200.202301161003/tools/bin/../lib/gcc/arm-none-eabi/10.3.1/../../../../arm-none-eabi/lib/thumb/v6-m/nofp\libc_nano.a(lib_a-errno.o)
                              ./Core/Src/syscalls.o (__errno)
c:/st/stm32cubeide_1.12.0/stm32cubeide/plugins/com.st.stm32cube.ide.mcu.externaltools.gnu-tools-for-stm32.10.3-2021.10.win32_1.0.200.202301161003/tools/bin/../lib/gcc/arm-none-eabi/10.3.1/../../../../arm-none-eabi/lib/thumb/v6-m/nofp\libc_nano.a(lib_a-exit.o)
                              c:/st/stm32cubeide_1.12.0/stm32cubeide/plugins/com.st.stm32cube.ide.mcu.externaltools.gnu-tools-for-stm32.10.3-2021.10.win32_1.0.200.202301161003/tools/bin/../lib/gcc/arm-none-eabi/10.3.1/../../../../arm-none-eabi/lib/thumb/v6-m/nofp/crt0.o (exit)
c:/st/stm32cubeide_1.12.0/stm32cubeide/plugins/com.st.stm32cube.ide.mcu.externaltools.gnu-tools-for-stm32.10.3-2021.10.win32_1.0.200.202301161003/tools/bin/../lib/gcc/arm-none-eabi/10.3.1/../../../../arm-none-eabi/lib/thumb/v6-m/nofp\libc_nano.a(lib_a-impure.o)
                              c:/st/stm32cubeide_1.12.0/stm32cubeide/plugins/com.st.stm32cube.ide.mcu.externaltools.gnu-tools-for-stm32.10.3-2021.10.win32_1.0.200.202301161003/tools/bin/../lib/gcc/arm-none-eabi/10.3.1/../../../../arm-none-eabi/lib/thumb/v6-m/nofp\libc_nano.a(lib_a-exit.o) (_global_impure_ptr)
c:/st/stm32cubeide_1.12.0/stm32cubeide/plugins/com.st.stm32cube.ide.mcu.externaltools.gnu-tools-for-stm32.10.3-2021.10.win32_1.0.200.202301161003/tools/bin/../lib/gcc/arm-none-eabi/10.3.1/../../../../arm-none-eabi/lib/thumb/v6-m/nofp\libc_nano.a(lib_a-init.o)
                              c:/st/stm32cubeide_1.12.0/stm32cubeide/plugins/com.st.stm32cube.ide.mcu.externaltools.gnu-tools-for-stm32.10.3-2021.10.win32_1.0.200.202301161003/tools/bin/../lib/gcc/arm-none-eabi/10.3.1/../../../../arm-none-eabi/lib/thumb/v6-m/nofp/crt0.o (__libc_init_array)
c:/st/stm32cubeide_1.12.0/stm32cubeide/plugins/com.st.stm32cube.ide.mcu.externaltools.gnu-tools-for-stm32.10.3-2021.10.win32_1.0.200.202301161003/tools/bin/../lib/gcc/arm-none-eabi/10.3.1/../../../../arm-none-eabi/lib/thumb/v6-m/nofp\libc_nano.a(lib_a-memset.o)
                              c:/st/stm32cubeide_1.12.0/stm32cubeide/plugins/com.st.stm32cube.ide.mcu.externaltools.gnu-tools-for-stm32.10.3-2021.10.win32_1.0.200.202301161003/tools/bin/../lib/gcc/arm-none-eabi/10.3.1/../../../../arm-none-eabi/lib/thumb/v6-m/nofp/crt0.o (memset)
c:/st/stm32cubeide_1.12.0/stm32cubeide/plugins/com.st.stm32cube.ide.mcu.externaltools.gnu-tools-for-stm32.10.3-2021.10.win32_1.0.200.202301161003/tools/bin/../lib/gcc/arm-none-eabi/10.3.1/thumb/v6-m/nofp\libgcc.a(_udivsi3.o)
                              ./Core/Src/system_stm32g0xx.o (__aeabi_uidiv)
c:/st/stm32cubeide_1.12.0/stm32cubeide/plugins/com.st.stm32cube.ide.mcu.externaltools.gnu-tools-for-stm32.10.3-2021.10.win32_1.0.200.202301161003/tools/bin/../lib/gcc/arm-none-eabi/10.3.1/thumb/v6-m/nofp\libgcc.a(_dvmd_tls.o)
                              c:/st/stm32cubeide_1.12.0/stm32cubeide/plugins/com.st.stm32cube.ide.mcu.externaltools.gnu-tools-for-stm32.10.3-2021.10.win32_1.0.200.202301161003/tools/bin/../lib/gcc/arm-none-eabi/10.3.1/thumb/v6-m/nofp\libgcc.a(_udivsi3.o) (__aeabi_idiv0)

Discarded input sections

 .text          0x0000000000000000        0x0 c:/st/stm32cubeide_1.12.0/stm32cubeide/plugins/com.st.stm32cube.ide.mcu.externaltools.gnu-tools-for-stm32.10.3-2021.10.win32_1.0.200.202301161003/tools/bin/../lib/gcc/arm-none-eabi/10.3.1/thumb/v6-m/nofp/crti.o
 .data          0x0000000000000000        0x0 c:/st/stm32cubeide_1.12.0/stm32cubeide/plugins/com.st.stm32cube.ide.mcu.externaltools.gnu-tools-for-stm32.10.3-2021.10.win32_1.0.200.202301161003/tools/bin/../lib/gcc/arm-none-eabi/10.3.1/thumb/v6-m/nofp/crti.o
 .bss           0x0000000000000000        0x0 c:/st/stm32cubeide_1.12.0/stm32cubeide/plugins/com.st.stm32cube.ide.mcu.externaltools.gnu-tools-for-stm32.10.3-2021.10.win32_1.0.200.202301161003/tools/bin/../lib/gcc/arm-none-eabi/10.3.1/thumb/v6-m/nofp/crti.o
 .data          0x0000000000000000        0x4 c:/st/stm32cubeide_1.12.0/stm32cubeide/plugins/com.st.stm32cube.ide.mcu.externaltools.gnu-tools-for-stm32.10.3-2021.10.win32_1.0.200.202301161003/tools/bin/../lib/gcc/arm-none-eabi/10.3.1/thumb/v6-m/nofp/crtbegin.o
 .rodata        0x0000000000000000       0x24 c:/st/stm32cubeide_1.12.0/stm32cubeide/plugins/com.st.stm32cube.ide.mcu.externaltools.gnu-tools-for-stm32.10.3-2021.10.win32_1.0.200.202301161003/tools/bin/../lib/gcc/arm-none-eabi/10.3.1/thumb/v6-m/nofp/crtbegin.o
 .text          0x0000000000000000       0x80 c:/st/stm32cubeide_1.12.0/stm32cubeide/plugins/com.st.stm32cube.ide.mcu.externaltools.gnu-tools-for-stm32.10.3-2021.10.win32_1.0.200.202301161003/tools/bin/../lib/gcc/arm-none-eabi/10.3.1/../../../../arm-none-eabi/lib/thumb/v6-m/nofp/crt0.o
[...]
Memory Configuration

Name             Origin             Length             Attributes
RAM              0x0000000020000000 0x0000000000002000 xrw
FLASH            0x0000000008000000 0x0000000000010000 xr
*default*        0x0000000000000000 0xffffffffffffffff

Linker script and memory map

LOAD c:/st/stm32cubeide_1.12.0/stm32cubeide/plugins/com.st.stm32cube.ide.mcu.externaltools.gnu-tools-for-stm32.10.3-2021.10.win32_1.0.200.202301161003/tools/bin/../lib/gcc/arm-none-eabi/10.3.1/thumb/v6-m/nofp/crti.o
LOAD c:/st/stm32cubeide_1.12.0/stm32cubeide/plugins/com.st.stm32cube.ide.mcu.externaltools.gnu-tools-for-stm32.10.3-2021.10.win32_1.0.200.202301161003/tools/bin/../lib/gcc/arm-none-eabi/10.3.1/thumb/v6-m/nofp/crtbegin.o
LOAD c:/st/stm32cubeide_1.12.0/stm32cubeide/plugins/com.st.stm32cube.ide.mcu.externaltools.gnu-tools-for-stm32.10.3-2021.10.win32_1.0.200.202301161003/tools/bin/../lib/gcc/arm-none-eabi/10.3.1/../../../../arm-none-eabi/lib/thumb/v6-m/nofp/crt0.o
LOAD ./Core/Src/main.o
LOAD ./Core/Src/stm32g0xx_hal_msp.o
LOAD ./Core/Src/stm32g0xx_it.o
LOAD ./Core/Src/syscalls.o
LOAD ./Core/Src/sysmem.o
LOAD ./Core/Src/system_stm32g0xx.o
LOAD ./Core/Startup/startup_stm32g031k8tx.o
LOAD ./Drivers/STM32G0xx_HAL_Driver/Src/stm32g0xx_hal.o
LOAD ./Drivers/STM32G0xx_HAL_Driver/Src/stm32g0xx_hal_cortex.o
LOAD ./Drivers/STM32G0xx_HAL_Driver/Src/stm32g0xx_hal_dma.o
LOAD ./Drivers/STM32G0xx_HAL_Driver/Src/stm32g0xx_hal_dma_ex.o
LOAD ./Drivers/STM32G0xx_HAL_Driver/Src/stm32g0xx_hal_exti.o
LOAD ./Drivers/STM32G0xx_HAL_Driver/Src/stm32g0xx_hal_flash.o
LOAD ./Drivers/STM32G0xx_HAL_Driver/Src/stm32g0xx_hal_flash_ex.o
LOAD ./Drivers/STM32G0xx_HAL_Driver/Src/stm32g0xx_hal_gpio.o
LOAD ./Drivers/STM32G0xx_HAL_Driver/Src/stm32g0xx_hal_pwr.o
LOAD ./Drivers/STM32G0xx_HAL_Driver/Src/stm32g0xx_hal_pwr_ex.o
LOAD ./Drivers/STM32G0xx_HAL_Driver/Src/stm32g0xx_hal_rcc.o
LOAD ./Drivers/STM32G0xx_HAL_Driver/Src/stm32g0xx_hal_rcc_ex.o
LOAD ./Drivers/STM32G0xx_HAL_Driver/Src/stm32g0xx_ll_dma.o
LOAD ./Drivers/STM32G0xx_HAL_Driver/Src/stm32g0xx_ll_rcc.o
START GROUP
LOAD c:/st/stm32cubeide_1.12.0/stm32cubeide/plugins/com.st.stm32cube.ide.mcu.externaltools.gnu-tools-for-stm32.10.3-2021.10.win32_1.0.200.202301161003/tools/bin/../lib/gcc/arm-none-eabi/10.3.1/../../../../arm-none-eabi/lib/thumb/v6-m/nofp\libc_nano.a
LOAD c:/st/stm32cubeide_1.12.0/stm32cubeide/plugins/com.st.stm32cube.ide.mcu.externaltools.gnu-tools-for-stm32.10.3-2021.10.win32_1.0.200.202301161003/tools/bin/../lib/gcc/arm-none-eabi/10.3.1/../../../../arm-none-eabi/lib/thumb/v6-m/nofp\libm.a
END GROUP
START GROUP
LOAD c:/st/stm32cubeide_1.12.0/stm32cubeide/plugins/com.st.stm32cube.ide.mcu.externaltools.gnu-tools-for-stm32.10.3-2021.10.win32_1.0.200.202301161003/tools/bin/../lib/gcc/arm-none-eabi/10.3.1/thumb/v6-m/nofp\libgcc.a
LOAD c:/st/stm32cubeide_1.12.0/stm32cubeide/plugins/com.st.stm32cube.ide.mcu.externaltools.gnu-tools-for-stm32.10.3-2021.10.win32_1.0.200.202301161003/tools/bin/../lib/gcc/arm-none-eabi/10.3.1/../../../../arm-none-eabi/lib/thumb/v6-m/nofp\libc_nano.a
END GROUP
START GROUP
LOAD c:/st/stm32cubeide_1.12.0/stm32cubeide/plugins/com.st.stm32cube.ide.mcu.externaltools.gnu-tools-for-stm32.10.3-2021.10.win32_1.0.200.202301161003/tools/bin/../lib/gcc/arm-none-eabi/10.3.1/thumb/v6-m/nofp\libgcc.a
LOAD c:/st/stm32cubeide_1.12.0/stm32cubeide/plugins/com.st.stm32cube.ide.mcu.externaltools.gnu-tools-for-stm32.10.3-2021.10.win32_1.0.200.202301161003/tools/bin/../lib/gcc/arm-none-eabi/10.3.1/../../../../arm-none-eabi/lib/thumb/v6-m/nofp\libc_nano.a
LOAD c:/st/stm32cubeide_1.12.0/stm32cubeide/plugins/com.st.stm32cube.ide.mcu.externaltools.gnu-tools-for-stm32.10.3-2021.10.win32_1.0.200.202301161003/tools/bin/../lib/gcc/arm-none-eabi/10.3.1/../../../../arm-none-eabi/lib/thumb/v6-m/nofp\libnosys.a
END GROUP
START GROUP
LOAD c:/st/stm32cubeide_1.12.0/stm32cubeide/plugins/com.st.stm32cube.ide.mcu.externaltools.gnu-tools-for-stm32.10.3-2021.10.win32_1.0.200.202301161003/tools/bin/../lib/gcc/arm-none-eabi/10.3.1/thumb/v6-m/nofp\libgcc.a
LOAD c:/st/stm32cubeide_1.12.0/stm32cubeide/plugins/com.st.stm32cube.ide.mcu.externaltools.gnu-tools-for-stm32.10.3-2021.10.win32_1.0.200.202301161003/tools/bin/../lib/gcc/arm-none-eabi/10.3.1/../../../../arm-none-eabi/lib/thumb/v6-m/nofp\libc_nano.a
LOAD c:/st/stm32cubeide_1.12.0/stm32cubeide/plugins/com.st.stm32cube.ide.mcu.externaltools.gnu-tools-for-stm32.10.3-2021.10.win32_1.0.200.202301161003/tools/bin/../lib/gcc/arm-none-eabi/10.3.1/../../../../arm-none-eabi/lib/thumb/v6-m/nofp\libnosys.a
END GROUP
LOAD c:/st/stm32cubeide_1.12.0/stm32cubeide/plugins/com.st.stm32cube.ide.mcu.externaltools.gnu-tools-for-stm32.10.3-2021.10.win32_1.0.200.202301161003/tools/bin/../lib/gcc/arm-none-eabi/10.3.1/thumb/v6-m/nofp/crtend.o
LOAD c:/st/stm32cubeide_1.12.0/stm32cubeide/plugins/com.st.stm32cube.ide.mcu.externaltools.gnu-tools-for-stm32.10.3-2021.10.win32_1.0.200.202301161003/tools/bin/../lib/gcc/arm-none-eabi/10.3.1/thumb/v6-m/nofp/crtn.o
                0x0000000020002000                _estack = (ORIGIN (RAM) + LENGTH (RAM))
                0x0000000000000200                _Min_Heap_Size = 0x200
                0x0000000000000400                _Min_Stack_Size = 0x400

.isr_vector     0x0000000008000000       0xbc
                0x0000000008000000                . = ALIGN (0x4)
 *(.isr_vector)
 .isr_vector    0x0000000008000000       0xbc ./Core/Startup/startup_stm32g031k8tx.o
                0x0000000008000000                g_pfnVectors
                0x00000000080000bc                . = ALIGN (0x4)

.text           0x00000000080000bc      0x1fc
                0x00000000080000bc                . = ALIGN (0x4)
 *(.text)
 .text          0x00000000080000bc       0x48 c:/st/stm32cubeide_1.12.0/stm32cubeide/plugins/com.st.stm32cube.ide.mcu.externaltools.gnu-tools-for-stm32.10.3-2021.10.win32_1.0.200.202301161003/tools/bin/../lib/gcc/arm-none-eabi/10.3.1/thumb/v6-m/nofp/crtbegin.o
 *(.text*)
 .text.WWDG_Configuration
                0x0000000008000104       0x24 ./Core/Src/main.o
                0x0000000008000104                WWDG_Configuration
 .text.main     0x0000000008000128       0x60 ./Core/Src/main.o
                0x0000000008000128                main
 .text.delay    0x0000000008000188       0x20 ./Core/Src/main.o
                0x0000000008000188                delay
 .text.NMI_Handler
                0x00000000080001a8        0x6 ./Core/Src/stm32g0xx_it.o
                0x00000000080001a8                NMI_Handler
 .text.HardFault_Handler
                0x00000000080001ae        0x6 ./Core/Src/stm32g0xx_it.o
                0x00000000080001ae                HardFault_Handler
 .text.SVC_Handler
                0x00000000080001b4        0xa ./Core/Src/stm32g0xx_it.o
                0x00000000080001b4                SVC_Handler
 .text.PendSV_Handler
                0x00000000080001be        0xa ./Core/Src/stm32g0xx_it.o
                0x00000000080001be                PendSV_Handler
 .text.SysTick_Handler
                0x00000000080001c8        0xe ./Core/Src/stm32g0xx_it.o
                0x00000000080001c8                SysTick_Handler
 .text.SystemInit
                0x00000000080001d6        0xa ./Core/Src/system_stm32g0xx.o
                0x00000000080001d6                SystemInit
 .text.Reset_Handler
                0x00000000080001e0       0x50 ./Core/Startup/startup_stm32g031k8tx.o
                0x00000000080001e0                Reset_Handler
 .text.Default_Handler
                0x0000000008000230        0x2 ./Core/Startup/startup_stm32g031k8tx.o
                0x0000000008000230                TIM1_CC_IRQHandler
                0x0000000008000230                PVD_IRQHandler
                0x0000000008000230                I2C1_IRQHandler
                0x0000000008000230                LPTIM2_IRQHandler
                0x0000000008000230                RTC_TAMP_IRQHandler
                0x0000000008000230                SPI1_IRQHandler
                0x0000000008000230                DMA1_Ch4_5_DMAMUX1_OVR_IRQHandler
                0x0000000008000230                EXTI2_3_IRQHandler
                0x0000000008000230                ADC1_IRQHandler
                0x0000000008000230                I2C2_IRQHandler
                0x0000000008000230                TIM17_IRQHandler
                0x0000000008000230                TIM16_IRQHandler
                0x0000000008000230                TIM3_IRQHandler
                0x0000000008000230                EXTI4_15_IRQHandler
                0x0000000008000230                RCC_IRQHandler
                0x0000000008000230                DMA1_Channel1_IRQHandler
                0x0000000008000230                Default_Handler
                0x0000000008000230                TIM14_IRQHandler
                0x0000000008000230                EXTI0_1_IRQHandler
                0x0000000008000230                SPI2_IRQHandler
                0x0000000008000230                WWDG_IRQHandler
                0x0000000008000230                LPUART1_IRQHandler
                0x0000000008000230                TIM2_IRQHandler
                0x0000000008000230                DMA1_Channel2_3_IRQHandler
                0x0000000008000230                USART2_IRQHandler
                0x0000000008000230                FLASH_IRQHandler
                0x0000000008000230                USART1_IRQHandler
                0x0000000008000230                TIM1_BRK_UP_TRG_COM_IRQHandler
                0x0000000008000230                LPTIM1_IRQHandler
 *fill*         0x0000000008000232        0x2 
 .text.HAL_IncTick
                0x0000000008000234       0x24 ./Drivers/STM32G0xx_HAL_Driver/Src/stm32g0xx_hal.o
                0x0000000008000234                HAL_IncTick
 .text.__libc_init_array
                0x0000000008000258       0x48 c:/st/stm32cubeide_1.12.0/stm32cubeide/plugins/com.st.stm32cube.ide.mcu.externaltools.gnu-tools-for-stm32.10.3-2021.10.win32_1.0.200.202301161003/tools/bin/../lib/gcc/arm-none-eabi/10.3.1/../../../../arm-none-eabi/lib/thumb/v6-m/nofp\libc_nano.a(lib_a-init.o)
                0x0000000008000258                __libc_init_array
 *(.glue_7)
 .glue_7        0x00000000080002a0        0x0 linker stubs
 *(.glue_7t)
 .glue_7t       0x00000000080002a0        0x0 linker stubs
 *(.eh_frame)
 .eh_frame      0x00000000080002a0        0x0 c:/st/stm32cubeide_1.12.0/stm32cubeide/plugins/com.st.stm32cube.ide.mcu.externaltools.gnu-tools-for-stm32.10.3-2021.10.win32_1.0.200.202301161003/tools/bin/../lib/gcc/arm-none-eabi/10.3.1/thumb/v6-m/nofp/crtbegin.o
 *(.init)
 .init          0x00000000080002a0        0x4 c:/st/stm32cubeide_1.12.0/stm32cubeide/plugins/com.st.stm32cube.ide.mcu.externaltools.gnu-tools-for-stm32.10.3-2021.10.win32_1.0.200.202301161003/tools/bin/../lib/gcc/arm-none-eabi/10.3.1/thumb/v6-m/nofp/crti.o
                0x00000000080002a0                _init
 .init          0x00000000080002a4        0x8 c:/st/stm32cubeide_1.12.0/stm32cubeide/plugins/com.st.stm32cube.ide.mcu.externaltools.gnu-tools-for-stm32.10.3-2021.10.win32_1.0.200.202301161003/tools/bin/../lib/gcc/arm-none-eabi/10.3.1/thumb/v6-m/nofp/crtn.o
 *(.fini)
 .fini          0x00000000080002ac        0x4 c:/st/stm32cubeide_1.12.0/stm32cubeide/plugins/com.st.stm32cube.ide.mcu.externaltools.gnu-tools-for-stm32.10.3-2021.10.win32_1.0.200.202301161003/tools/bin/../lib/gcc/arm-none-eabi/10.3.1/thumb/v6-m/nofp/crti.o
                0x00000000080002ac                _fini
 .fini          0x00000000080002b0        0x8 c:/st/stm32cubeide_1.12.0/stm32cubeide/plugins/com.st.stm32cube.ide.mcu.externaltools.gnu-tools-for-stm32.10.3-2021.10.win32_1.0.200.202301161003/tools/bin/../lib/gcc/arm-none-eabi/10.3.1/thumb/v6-m/nofp/crtn.o
                0x00000000080002b8                . = ALIGN (0x4)
                0x00000000080002b8                _etext = .

.vfp11_veneer   0x00000000080002b8        0x0
 .vfp11_veneer  0x00000000080002b8        0x0 linker stubs

.v4_bx          0x00000000080002b8        0x0
 .v4_bx         0x00000000080002b8        0x0 linker stubs

.iplt           0x00000000080002b8        0x0
 .iplt          0x00000000080002b8        0x0 c:/st/stm32cubeide_1.12.0/stm32cubeide/plugins/com.st.stm32cube.ide.mcu.externaltools.gnu-tools-for-stm32.10.3-2021.10.win32_1.0.200.202301161003/tools/bin/../lib/gcc/arm-none-eabi/10.3.1/thumb/v6-m/nofp/crtbegin.o

.rel.dyn        0x00000000080002b8        0x0
 .rel.iplt      0x00000000080002b8        0x0 c:/st/stm32cubeide_1.12.0/stm32cubeide/plugins/com.st.stm32cube.ide.mcu.externaltools.gnu-tools-for-stm32.10.3-2021.10.win32_1.0.200.202301161003/tools/bin/../lib/gcc/arm-none-eabi/10.3.1/thumb/v6-m/nofp/crtbegin.o

.rodata         0x00000000080002b8        0x0
                0x00000000080002b8                . = ALIGN (0x4)
 *(.rodata)
 *(.rodata*)
                0x00000000080002b8                . = ALIGN (0x4)

.ARM.extab      0x00000000080002b8        0x0
                0x00000000080002b8                . = ALIGN (0x4)
 *(.ARM.extab* .gnu.linkonce.armextab.*)
                0x00000000080002b8                . = ALIGN (0x4)

.ARM            0x00000000080002b8        0x0
                0x00000000080002b8                . = ALIGN (0x4)
                0x00000000080002b8                __exidx_start = .
 *(.ARM.exidx*)
                0x00000000080002b8                __exidx_end = .
                0x00000000080002b8                . = ALIGN (0x4)

.preinit_array  0x00000000080002b8        0x0
                0x00000000080002b8                . = ALIGN (0x4)
                0x00000000080002b8                PROVIDE (__preinit_array_start = .)
 *(.preinit_array*)
                0x00000000080002b8                PROVIDE (__preinit_array_end = .)
                0x00000000080002b8                . = ALIGN (0x4)

.init_array     0x00000000080002b8        0x4
                0x00000000080002b8                . = ALIGN (0x4)
                0x00000000080002b8                PROVIDE (__init_array_start = .)
 *(SORT_BY_NAME(.init_array.*))
 *(.init_array*)
 .init_array    0x00000000080002b8        0x4 c:/st/stm32cubeide_1.12.0/stm32cubeide/plugins/com.st.stm32cube.ide.mcu.externaltools.gnu-tools-for-stm32.10.3-2021.10.win32_1.0.200.202301161003/tools/bin/../lib/gcc/arm-none-eabi/10.3.1/thumb/v6-m/nofp/crtbegin.o
                0x00000000080002bc                PROVIDE (__init_array_end = .)
                0x00000000080002bc                . = ALIGN (0x4)

.fini_array     0x00000000080002bc        0x4
                0x00000000080002bc                . = ALIGN (0x4)
                [!provide]                        PROVIDE (__fini_array_start = .)
 *(SORT_BY_NAME(.fini_array.*))
 *(.fini_array*)
 .fini_array    0x00000000080002bc        0x4 c:/st/stm32cubeide_1.12.0/stm32cubeide/plugins/com.st.stm32cube.ide.mcu.externaltools.gnu-tools-for-stm32.10.3-2021.10.win32_1.0.200.202301161003/tools/bin/../lib/gcc/arm-none-eabi/10.3.1/thumb/v6-m/nofp/crtbegin.o
                [!provide]                        PROVIDE (__fini_array_end = .)
                0x00000000080002c0                . = ALIGN (0x4)
                0x00000000080002c0                _sidata = LOADADDR (.data)

.data           0x0000000020000000        0x4 load address 0x00000000080002c0
                0x0000000020000000                . = ALIGN (0x4)
                0x0000000020000000                _sdata = .
 *(.data)
 *(.data*)
 .data.uwTickFreq
                0x0000000020000000        0x1 ./Drivers/STM32G0xx_HAL_Driver/Src/stm32g0xx_hal.o
                0x0000000020000000                uwTickFreq
 *(.RamFunc)
 *(.RamFunc*)
                0x0000000020000004                . = ALIGN (0x4)
 *fill*         0x0000000020000001        0x3 
                0x0000000020000004                _edata = .

.igot.plt       0x0000000020000004        0x0 load address 0x00000000080002c4
 .igot.plt      0x0000000020000004        0x0 c:/st/stm32cubeide_1.12.0/stm32cubeide/plugins/com.st.stm32cube.ide.mcu.externaltools.gnu-tools-for-stm32.10.3-2021.10.win32_1.0.200.202301161003/tools/bin/../lib/gcc/arm-none-eabi/10.3.1/thumb/v6-m/nofp/crtbegin.o
                0x0000000020000004                . = ALIGN (0x4)

.bss            0x0000000020000004       0x20 load address 0x00000000080002c4
                0x0000000020000004                _sbss = .
                0x0000000020000004                __bss_start__ = _sbss
 *(.bss)
 .bss           0x0000000020000004       0x1c c:/st/stm32cubeide_1.12.0/stm32cubeide/plugins/com.st.stm32cube.ide.mcu.externaltools.gnu-tools-for-stm32.10.3-2021.10.win32_1.0.200.202301161003/tools/bin/../lib/gcc/arm-none-eabi/10.3.1/thumb/v6-m/nofp/crtbegin.o
 *(.bss*)
 .bss.uwTick    0x0000000020000020        0x4 ./Drivers/STM32G0xx_HAL_Driver/Src/stm32g0xx_hal.o
                0x0000000020000020                uwTick
 *(COMMON)
                0x0000000020000024                . = ALIGN (0x4)
                0x0000000020000024                _ebss = .
                0x0000000020000024                __bss_end__ = _ebss

._user_heap_stack
                0x0000000020000024      0x604 load address 0x00000000080002c4
                0x0000000020000028                . = ALIGN (0x8)
 *fill*         0x0000000020000024        0x4 
                [!provide]                        PROVIDE (end = .)
                0x0000000020000028                PROVIDE (_end = .)
                0x0000000020000228                . = (. + _Min_Heap_Size)
 *fill*         0x0000000020000028      0x200 
                0x0000000020000628                . = (. + _Min_Stack_Size)
 *fill*         0x0000000020000228      0x400 
                0x0000000020000628                . = ALIGN (0x8)

/DISCARD/
 libc.a(*)
 libm.a(*)
 libgcc.a(*)

.ARM.attributes
                0x0000000000000000       0x28
 *(.ARM.attributes)
 .ARM.attributes
                0x0000000000000000       0x1e c:/st/stm32cubeide_1.12.0/stm32cubeide/plugins/com.st.stm32cube.ide.mcu.externaltools.gnu-tools-for-stm32.10.3-2021.10.win32_1.0.200.202301161003/tools/bin/../lib/gcc/arm-none-eabi/10.3.1/thumb/v6-m/nofp/crti.o
 .ARM.attributes
                0x000000000000001e       0x2c c:/st/stm32cubeide_1.12.0/stm32cubeide/plugins/com.st.stm32cube.ide.mcu.externaltools.gnu-tools-for-stm32.10.3-2021.10.win32_1.0.200.202301161003/tools/bin/../lib/gcc/arm-none-eabi/10.3.1/thumb/v6-m/nofp/crtbegin.o
 .ARM.attributes
                0x000000000000004a       0x2c ./Core/Src/main.o
 .ARM.attributes
                0x0000000000000076       0x2c ./Core/Src/stm32g0xx_it.o
 .ARM.attributes
                0x00000000000000a2       0x2c ./Core/Src/system_stm32g0xx.o
 .ARM.attributes
                0x00000000000000ce       0x22 ./Core/Startup/startup_stm32g031k8tx.o
 .ARM.attributes
                0x00000000000000f0       0x2c ./Drivers/STM32G0xx_HAL_Driver/Src/stm32g0xx_hal.o
 .ARM.attributes
                0x000000000000011c       0x2c c:/st/stm32cubeide_1.12.0/stm32cubeide/plugins/com.st.stm32cube.ide.mcu.externaltools.gnu-tools-for-stm32.10.3-2021.10.win32_1.0.200.202301161003/tools/bin/../lib/gcc/arm-none-eabi/10.3.1/../../../../arm-none-eabi/lib/thumb/v6-m/nofp\libc_nano.a(lib_a-init.o)
 .ARM.attributes
                0x0000000000000148       0x1e c:/st/stm32cubeide_1.12.0/stm32cubeide/plugins/com.st.stm32cube.ide.mcu.externaltools.gnu-tools-for-stm32.10.3-2021.10.win32_1.0.200.202301161003/tools/bin/../lib/gcc/arm-none-eabi/10.3.1/thumb/v6-m/nofp/crtn.o
OUTPUT(REGC_002_ledblink_watchdog.elf elf32-littlearm)
LOAD linker stubs
LOAD c:/st/stm32cubeide_1.12.0/stm32cubeide/plugins/com.st.stm32cube.ide.mcu.externaltools.gnu-tools-for-stm32.10.3-2021.10.win32_1.0.200.202301161003/tools/bin/../lib/gcc/arm-none-eabi/10.3.1/../../../../arm-none-eabi/lib/thumb/v6-m/nofp\libc.a
LOAD c:/st/stm32cubeide_1.12.0/stm32cubeide/plugins/com.st.stm32cube.ide.mcu.externaltools.gnu-tools-for-stm32.10.3-2021.10.win32_1.0.200.202301161003/tools/bin/../lib/gcc/arm-none-eabi/10.3.1/../../../../arm-none-eabi/lib/thumb/v6-m/nofp\libm.a
LOAD c:/st/stm32cubeide_1.12.0/stm32cubeide/plugins/com.st.stm32cube.ide.mcu.externaltools.gnu-tools-for-stm32.10.3-2021.10.win32_1.0.200.202301161003/tools/bin/../lib/gcc/arm-none-eabi/10.3.1/thumb/v6-m/nofp\libgcc.a

.debug_info     0x0000000000000000     0x12c5
 .debug_info    0x0000000000000000      0x3a4 ./Core/Src/main.o
 .debug_info    0x00000000000003a4      0x11e ./Core/Src/stm32g0xx_it.o
 .debug_info    0x00000000000004c2      0x34d ./Core/Src/system_stm32g0xx.o
 .debug_info    0x000000000000080f       0x22 ./Core/Startup/startup_stm32g031k8tx.o
 .debug_info    0x0000000000000831      0xa94 ./Drivers/STM32G0xx_HAL_Driver/Src/stm32g0xx_hal.o

.debug_abbrev   0x0000000000000000      0x58e
 .debug_abbrev  0x0000000000000000      0x110 ./Core/Src/main.o
 .debug_abbrev  0x0000000000000110       0xad ./Core/Src/stm32g0xx_it.o
 .debug_abbrev  0x00000000000001bd      0x116 ./Core/Src/system_stm32g0xx.o
 .debug_abbrev  0x00000000000002d3       0x12 ./Core/Startup/startup_stm32g031k8tx.o
 .debug_abbrev  0x00000000000002e5      0x2a9 ./Drivers/STM32G0xx_HAL_Driver/Src/stm32g0xx_hal.o

.debug_aranges  0x0000000000000000      0x1f0
 .debug_aranges
                0x0000000000000000       0x38 ./Core/Src/main.o
 .debug_aranges
                0x0000000000000038       0x40 ./Core/Src/stm32g0xx_it.o
 .debug_aranges
                0x0000000000000078       0x28 ./Core/Src/system_stm32g0xx.o
 .debug_aranges
                0x00000000000000a0       0x28 ./Core/Startup/startup_stm32g031k8tx.o
 .debug_aranges
                0x00000000000000c8      0x128 ./Drivers/STM32G0xx_HAL_Driver/Src/stm32g0xx_hal.o

.debug_ranges   0x0000000000000000      0x1a8
 .debug_ranges  0x0000000000000000       0x28 ./Core/Src/main.o
 .debug_ranges  0x0000000000000028       0x30 ./Core/Src/stm32g0xx_it.o
 .debug_ranges  0x0000000000000058       0x18 ./Core/Src/system_stm32g0xx.o
 .debug_ranges  0x0000000000000070       0x20 ./Core/Startup/startup_stm32g031k8tx.o
 .debug_ranges  0x0000000000000090      0x118 ./Drivers/STM32G0xx_HAL_Driver/Src/stm32g0xx_hal.o

.debug_macro    0x0000000000000000    0x13557
 .debug_macro   0x0000000000000000      0x1c1 ./Core/Src/main.o
 .debug_macro   0x00000000000001c1      0xa4e ./Core/Src/main.o
 .debug_macro   0x0000000000000c0f       0x2e ./Core/Src/main.o
 .debug_macro   0x0000000000000c3d       0x28 ./Core/Src/main.o
 .debug_macro   0x0000000000000c65       0x22 ./Core/Src/main.o
 .debug_macro   0x0000000000000c87       0x8e ./Core/Src/main.o
 .debug_macro   0x0000000000000d15       0x51 ./Core/Src/main.o
 .debug_macro   0x0000000000000d66      0x103 ./Core/Src/main.o
 .debug_macro   0x0000000000000e69       0x6a ./Core/Src/main.o
 .debug_macro   0x0000000000000ed3      0x1df ./Core/Src/main.o
 .debug_macro   0x00000000000010b2       0x1c ./Core/Src/main.o
 .debug_macro   0x00000000000010ce       0x22 ./Core/Src/main.o
 .debug_macro   0x00000000000010f0       0xd1 ./Core/Src/main.o
 .debug_macro   0x00000000000011c1      0x4da ./Core/Src/main.o
 .debug_macro   0x000000000000169b      0x11f ./Core/Src/main.o
 .debug_macro   0x00000000000017ba     0xac09 ./Core/Src/main.o
 .debug_macro   0x000000000000c3c3       0x66 ./Core/Src/main.o
 .debug_macro   0x000000000000c429      0x111 ./Core/Src/main.o
 .debug_macro   0x000000000000c53a     0x34fd ./Core/Src/main.o
 .debug_macro   0x000000000000fa37      0x174 ./Core/Src/main.o
 .debug_macro   0x000000000000fbab       0x5c ./Core/Src/main.o
 .debug_macro   0x000000000000fc07      0x53b ./Core/Src/main.o
 .debug_macro   0x0000000000010142      0xf23 ./Core/Src/main.o
 .debug_macro   0x0000000000011065      0x1d8 ./Core/Src/main.o
 .debug_macro   0x000000000001123d      0x1cf ./Core/Src/main.o
 .debug_macro   0x000000000001140c      0x122 ./Core/Src/main.o
 .debug_macro   0x000000000001152e      0x390 ./Core/Src/main.o
 .debug_macro   0x00000000000118be      0x202 ./Core/Src/main.o
 .debug_macro   0x0000000000011ac0      0x2ff ./Core/Src/main.o
 .debug_macro   0x0000000000011dbf      0x1b2 ./Core/Src/main.o
 .debug_macro   0x0000000000011f71       0x43 ./Core/Src/main.o
 .debug_macro   0x0000000000011fb4      0x1f1 ./Core/Src/main.o
 .debug_macro   0x00000000000121a5      0x1d6 ./Core/Src/main.o
 .debug_macro   0x000000000001237b      0x38a ./Core/Src/main.o
 .debug_macro   0x0000000000012705       0x28 ./Core/Src/main.o
 .debug_macro   0x000000000001272d       0xe4 ./Core/Src/main.o
 .debug_macro   0x0000000000012811      0x10c ./Core/Src/main.o
 .debug_macro   0x000000000001291d      0x240 ./Core/Src/main.o
 .debug_macro   0x0000000000012b5d      0x49d ./Core/Src/main.o
 .debug_macro   0x0000000000012ffa      0x1cb ./Core/Src/stm32g0xx_it.o
 .debug_macro   0x00000000000131c5      0x1b7 ./Core/Src/system_stm32g0xx.o
 .debug_macro   0x000000000001337c      0x1db ./Drivers/STM32G0xx_HAL_Driver/Src/stm32g0xx_hal.o

.debug_line     0x0000000000000000     0x200f
 .debug_line    0x0000000000000000      0x707 ./Core/Src/main.o
 .debug_line    0x0000000000000707      0x707 ./Core/Src/stm32g0xx_it.o
 .debug_line    0x0000000000000e0e      0x715 ./Core/Src/system_stm32g0xx.o
 .debug_line    0x0000000000001523       0x89 ./Core/Startup/startup_stm32g031k8tx.o
 .debug_line    0x00000000000015ac      0xa63 ./Drivers/STM32G0xx_HAL_Driver/Src/stm32g0xx_hal.o

.debug_str      0x0000000000000000    0x7d8b1
 .debug_str     0x0000000000000000    0x7cfc5 ./Core/Src/main.o
                                      0x7d4c9 (size before relaxing)
 .debug_str     0x000000000007cfc5       0x8c ./Core/Src/stm32g0xx_it.o
                                      0x7d3f5 (size before relaxing)
 .debug_str     0x000000000007d051       0x8e ./Core/Src/system_stm32g0xx.o
                                      0x7d4c8 (size before relaxing)
 .debug_str     0x000000000007d0df       0x36 ./Core/Startup/startup_stm32g031k8tx.o
                                         0x8b (size before relaxing)
 .debug_str     0x000000000007d115      0x79c ./Drivers/STM32G0xx_HAL_Driver/Src/stm32g0xx_hal.o
                                      0x7dc9e (size before relaxing)

.comment        0x0000000000000000       0x50
 .comment       0x0000000000000000       0x50 ./Core/Src/main.o
                                         0x51 (size before relaxing)
 .comment       0x0000000000000050       0x51 ./Core/Src/stm32g0xx_it.o
 .comment       0x0000000000000050       0x51 ./Core/Src/system_stm32g0xx.o
 .comment       0x0000000000000050       0x51 ./Drivers/STM32G0xx_HAL_Driver/Src/stm32g0xx_hal.o

.debug_frame    0x0000000000000000      0x594
 .debug_frame   0x0000000000000000       0x84 ./Core/Src/main.o
 .debug_frame   0x0000000000000084       0x9c ./Core/Src/stm32g0xx_it.o
 .debug_frame   0x0000000000000120       0x4c ./Core/Src/system_stm32g0xx.o
 .debug_frame   0x000000000000016c      0x3fc ./Drivers/STM32G0xx_HAL_Driver/Src/stm32g0xx_hal.o
 .debug_frame   0x0000000000000568       0x2c c:/st/stm32cubeide_1.12.0/stm32cubeide/plugins/com.st.stm32cube.ide.mcu.externaltools.gnu-tools-for-stm32.10.3-2021.10.win32_1.0.200.202301161003/tools/bin/../lib/gcc/arm-none-eabi/10.3.1/../../../../arm-none-eabi/lib/thumb/v6-m/nofp\libc_nano.a(lib_a-init.o)
